
> job-board@0.0.0 start
> ng serve

- Generating browser application bundles (phase: setup)...
√ Browser application bundle generation complete.

Initial Chunk Files   | Names         |  Raw Size
vendor.js             | vendor        |   2.65 MB |
styles.css, styles.js | styles        | 530.11 kB |
main.js               | main          | 334.63 kB |
polyfills.js          | polyfills     | 331.93 kB |
runtime.js            | runtime       |   6.51 kB |

| Initial Total |   3.82 MB

Build at: 2026-04-13T21:42:35.027Z - Hash: c948b183f8170351 - Time: 4617ms

Warning: C:\Users\21627\Desktop\copypidevv\frontEnd\EnglishPlateforme\src\app\features\admin\dashboard\dashboard.component.ts depends on 'file-saver'. CommonJS or AMD dependencies can cause optimization bailouts.
For more info see: https://angular.io/guide/build#configuring-commonjs-dependencies



** Angular Live Development Server is listening on localhost:4200, open your browser on http://localhost:4200/ **


√ Compiled successfully.
√ Browser application bundle generation complete.

Initial Chunk Files | Names   |  Raw Size
main.js             | main    | 333.50 kB |
runtime.js          | runtime |   6.51 kB |

3 unchanged chunks

Build at: 2026-04-13T22:03:56.667Z - Hash: 97b1ff8b3830f778 - Time: 3206ms

√ Compiled successfully.
√ Browser application bundle generation complete.

5 unchanged chunks

Build at: 2026-04-13T22:03:57.326Z - Hash: 97b1ff8b3830f778 - Time: 622ms

√ Compiled successfully.
√ Browser application bundle generation complete.

Initial Chunk Files | Names   |  Raw Size
main.js             | main    | 312.34 kB |
runtime.js          | runtime |   6.51 kB |

3 unchanged chunks

Build at: 2026-04-13T22:03:58.288Z - Hash: 16703bdac2c31b25 - Time: 753ms

Error: src/app/features/tutor/dashboard/tutor-dashboard.ts:9:16 - error NG2008: Could not find template file './tutor-dashboard.html'.

9   templateUrl: './tutor-dashboard.html'
                 ~~~~~~~~~~~~~~~~~~~~~~~~




× Failed to compile.
√ Browser application bundle generation complete.

Initial Chunk Files | Names   |  Raw Size
main.js             | main    | 338.89 kB |
runtime.js          | runtime |   6.51 kB |

3 unchanged chunks

Build at: 2026-04-13T22:04:38.676Z - Hash: 6bf6dc6771d85a20 - Time: 1220ms

√ Compiled successfully.
√ Browser application bundle generation complete.

Initial Chunk Files | Names   |  Raw Size
main.js             | main    | 338.96 kB |
runtime.js          | runtime |   6.51 kB |

3 unchanged chunks

Build at: 2026-04-13T22:04:45.810Z - Hash: a25fb83ad3998f30 - Time: 802ms

√ Compiled successfully.
√ Browser application bundle generation complete.

Initial Chunk Files | Names   |  Raw Size
main.js             | main    | 328.65 kB |
runtime.js          | runtime |   6.51 kB |

3 unchanged chunks

Build at: 2026-04-13T22:04:48.909Z - Hash: 2576c6dc62c0ffeb - Time: 678ms

Error: src/app/features/courses/courses.ts:8:16 - error NG2008: Could not find template file './courses.html'.

8   templateUrl: './courses.html'
                 ~~~~~~~~~~~~~~~~




× Failed to compile.
√ Browser application bundle generation complete.

Initial Chunk Files | Names   |  Raw Size
main.js             | main    | 348.97 kB |
runtime.js          | runtime |   6.51 kB |

3 unchanged chunks

Build at: 2026-04-13T22:05:29.614Z - Hash: fedc49eddb77cf7c - Time: 1111ms

√ Compiled successfully.
√ Browser application bundle generation complete.

5 unchanged chunks

Build at: 2026-04-13T22:05:30.232Z - Hash: fedc49eddb77cf7c - Time: 579ms

√ Compiled successfully.
√ Browser application bundle generation complete.

Initial Chunk Files | Names   |  Raw Size
main.js             | main    | 349.05 kB |
runtime.js          | runtime |   6.51 kB |

3 unchanged chunks

Build at: 2026-04-14T07:14:10.055Z - Hash: 9cde6ba5d5458563 - Time: 971ms

√ Compiled successfully.
√ Browser application bundle generation complete.

5 unchanged chunks

Build at: 2026-04-14T07:14:10.521Z - Hash: 9cde6ba5d5458563 - Time: 428ms

√ Compiled successfully.
√ Browser application bundle generation complete.

Initial Chunk Files | Names   |  Raw Size
main.js             | main    | 349.14 kB |
runtime.js          | runtime |   6.51 kB |

3 unchanged chunks

Build at: 2026-04-14T07:20:36.271Z - Hash: 09b96c7ac2b0baf7 - Time: 840ms

√ Compiled successfully.
√ Browser application bundle generation complete.

Initial Chunk Files | Names   |  Raw Size
main.js             | main    | 335.64 kB |
runtime.js          | runtime |   6.51 kB |

3 unchanged chunks

Build at: 2026-04-14T07:21:18.795Z - Hash: c84f4ec97882825d - Time: 590ms

Error: src/app/features/quiz/add-quiz/add-quiz.component.ts:8:16 - error NG2008: Could not find template file './add-quiz.component.html'.

8   templateUrl: './add-quiz.component.html',
                 ~~~~~~~~~~~~~~~~~~~~~~~~~~~




× Failed to compile.
√ Browser application bundle generation complete.

Initial Chunk Files | Names   |  Raw Size
main.js             | main    | 350.36 kB |
runtime.js          | runtime |   6.51 kB |

3 unchanged chunks

Build at: 2026-04-14T07:21:39.370Z - Hash: be7359ea393b9dec - Time: 748ms

√ Compiled successfully.
√ Browser application bundle generation complete.

Initial Chunk Files | Names   |  Raw Size
main.js             | main    | 339.25 kB |
runtime.js          | runtime |   6.51 kB |

3 unchanged chunks

Build at: 2026-04-14T07:26:54.763Z - Hash: 905c16771d39d4b1 - Time: 819ms

./src/app/features/quiz/add-quiz/add-quiz.component.ts - Error: Module build failed (from ./node_modules/@angular-devkit/build-angular/src/tools/babel/webpack-loader.js):
SyntaxError: C:\Users\21627\Desktop\copypidevv\frontEnd\EnglishPlateforme\src\app\features\quiz\add-quiz\add-quiz.component.ts: 'return' outside of function. (234:8)

  232 |     if (this.quiz?.id) {
  233 |         this.router.navigate(['/quizDetails', this.quiz.id]);
> 234 |         return;
      |         ^
  235 |     }
  236 |     this.router.navigate(['/tutor/courses']);
  237 | }

Error: src/app/features/quiz/add-quiz/add-quiz.component.html:21:18 - error TS2339: Property 'finishQuiz' does not exist on type 'AddQuizComponent'.

21         (click)="finishQuiz()"
                    ~~~~~~~~~~

  src/app/features/quiz/add-quiz/add-quiz.component.ts:8:16
    8   templateUrl: './add-quiz.component.html',
                     ~~~~~~~~~~~~~~~~~~~~~~~~~~~
    Error occurs in the template of component AddQuizComponent.


Error: src/app/features/quiz/add-quiz/add-quiz.component.ts:139:1 - error TS2304: Cannot find name 'finishQuiz'.

139 finishQuiz() {
    ~~~~~~~~~~


Error: src/app/features/quiz/add-quiz/add-quiz.component.ts:139:14 - error TS1005: ';' expected.

139 finishQuiz() {
                 ~


Error: src/app/features/quiz/add-quiz/add-quiz.component.ts:140:7 - error TS2532: Object is possibly 'undefined'.

140   if (this.quiz?.id) {
          ~~~~


Error: src/app/features/quiz/add-quiz/add-quiz.component.ts:141:5 - error TS2532: Object is possibly 'undefined'.

141     this.router.navigate(['/quizDetails', this.quiz.id]);
        ~~~~


Error: src/app/features/quiz/add-quiz/add-quiz.component.ts:141:43 - error TS2532: Object is possibly 'undefined'.

141     this.router.navigate(['/quizDetails', this.quiz.id]);
                                              ~~~~


Error: src/app/features/quiz/add-quiz/add-quiz.component.ts:145:3 - error TS2532: Object is possibly 'undefined'.

145   this.router.navigate(['/tutor/courses']);
      ~~~~




× Failed to compile.
√ Browser application bundle generation complete.

Initial Chunk Files | Names   |  Raw Size
main.js             | main    | 351.33 kB |
runtime.js          | runtime |   6.51 kB |

3 unchanged chunks

Build at: 2026-04-14T07:27:33.051Z - Hash: 1803801622ac2898 - Time: 985ms

√ Compiled successfully.
√ Browser application bundle generation complete.

Initial Chunk Files | Names   |  Raw Size
main.js             | main    | 351.80 kB |
runtime.js          | runtime |   6.51 kB |

3 unchanged chunks

Build at: 2026-04-14T07:49:22.350Z - Hash: b4f5a3f9baa6173a - Time: 1648ms

√ Compiled successfully.
√ Browser application bundle generation complete.

Initial Chunk Files | Names   |  Raw Size
main.js             | main    | 352.81 kB |
runtime.js          | runtime |   6.51 kB |

3 unchanged chunks

Build at: 2026-04-14T07:58:26.730Z - Hash: 5c7d7223c4612d86 - Time: 872ms

√ Compiled successfully.
√ Browser application bundle generation complete.

Initial Chunk Files | Names   |  Raw Size
main.js             | main    | 352.62 kB |
runtime.js          | runtime |   6.51 kB |

3 unchanged chunks

Build at: 2026-04-14T08:11:55.060Z - Hash: 739c8a7ad23f0a0b - Time: 997ms

√ Compiled successfully.
√ Browser application bundle generation complete.

Initial Chunk Files | Names   |  Raw Size
main.js             | main    | 352.75 kB |
runtime.js          | runtime |   6.51 kB |

3 unchanged chunks

Build at: 2026-04-14T08:20:52.464Z - Hash: f507e1ed4b85224e - Time: 983ms

√ Compiled successfully.
√ Browser application bundle generation complete.

5 unchanged chunks

Build at: 2026-04-14T08:20:53.003Z - Hash: f507e1ed4b85224e - Time: 495ms

√ Compiled successfully.
√ Browser application bundle generation complete.

Initial Chunk Files | Names   |  Raw Size
main.js             | main    | 309.72 kB |
runtime.js          | runtime |   6.51 kB |

3 unchanged chunks

Build at: 2026-04-14T08:33:18.099Z - Hash: aeb76525976272fd - Time: 756ms

Error: src/app/features/quiz/quiz-details/quiz-details.component.ts:10:16 - error NG2008: Could not find template file './quiz-details.component.html'.

10   templateUrl: './quiz-details.component.html'
                  ~~~~~~~~~~~~~~~~~~~~~~~~~~~~~~~




× Failed to compile.
√ Browser application bundle generation complete.

Initial Chunk Files | Names   |  Raw Size
main.js             | main    | 351.14 kB |
runtime.js          | runtime |   6.51 kB |

3 unchanged chunks

Build at: 2026-04-14T08:34:03.424Z - Hash: b7733ac5efd87c3b - Time: 986ms

√ Compiled successfully.
√ Browser application bundle generation complete.

Initial Chunk Files | Names   |  Raw Size
main.js             | main    | 351.56 kB |
runtime.js          | runtime |   6.51 kB |

3 unchanged chunks

Build at: 2026-04-14T08:45:04.831Z - Hash: 980f79c6309aae55 - Time: 1322ms

√ Compiled successfully.
√ Browser application bundle generation complete.

Initial Chunk Files | Names   |  Raw Size
main.js             | main    | 352.02 kB |
runtime.js          | runtime |   6.51 kB |

3 unchanged chunks

Build at: 2026-04-14T08:54:17.654Z - Hash: f2dbc378d28b5691 - Time: 1041ms

√ Compiled successfully.
√ Browser application bundle generation complete.

Initial Chunk Files | Names   |  Raw Size
main.js             | main    | 343.47 kB |
runtime.js          | runtime |   6.51 kB |

3 unchanged chunks

Build at: 2026-04-14T09:24:23.780Z - Hash: 6c0bbe0825577ae4 - Time: 950ms

√ Compiled successfully.
√ Browser application bundle generation complete.

5 unchanged chunks

Build at: 2026-04-14T09:24:24.272Z - Hash: 6c0bbe0825577ae4 - Time: 462ms

√ Compiled successfully.
√ Browser application bundle generation complete.

Initial Chunk Files | Names   |  Raw Size
main.js             | main    | 351.96 kB |
runtime.js          | runtime |   6.51 kB |

3 unchanged chunks

Build at: 2026-04-14T09:34:27.903Z - Hash: 45d18d5b23bd3d7d - Time: 783ms

√ Compiled successfully.
